2026-08-26T05:30:19.2496619Z|MariaDB|1|META|motor|MariaDB
2026-08-26T05:30:19.2535879Z|MariaDB|1|META|articulos|1000
2026-08-26T05:30:19.2536317Z|MariaDB|1|META|movimientos|1000
2026-08-26T05:30:19.2536524Z|MariaDB|1|META|rondas|1
2026-08-26T05:30:19.2536774Z|MariaDB|1|PROGRESS|Midiendo conexiones sin pooling
2026-08-26T05:30:19.2558534Z|MariaDB|1|RESULT|conexion|1|10|5349|10
2026-08-26T05:30:19.2558977Z|MariaDB|1|META|server_version|12.3.2-MariaDB
2026-08-26T05:30:19.2559261Z|MariaDB|1|META|buffer_bytes|2095054848
2026-08-26T05:30:19.3584856Z|MariaDB|1|META|durability|innodb_flush_log_at_trx_commit=1;sync_binlog=0
2026-08-26T05:30:19.3585695Z|MariaDB|1|PROGRESS|Creando esquema aislado
2026-08-26T05:30:19.3591205Z|MariaDB|1|PROGRESS|Insertando 1000 articulos
2026-08-26T05:30:19.4187414Z|MariaDB|1|RESULT|carga_articulos|1|1000|65279|1000
2026-08-26T05:30:19.4188166Z|MariaDB|1|PROGRESS|Insertando 1000 movimientos
2026-08-26T05:30:19.4191436Z|MariaDB|1|RESULT|carga_movimientos|1|1000|58309|1000
2026-08-26T05:30:19.4191926Z|MariaDB|1|META|rows_verified|2000
2026-08-26T05:30:19.4533414Z|MariaDB|1|PROGRESS|Actualizando estadisticas
2026-08-26T05:30:19.4539658Z|MariaDB|1|META|data_index_bytes|425984
2026-08-26T05:30:19.4540309Z|MariaDB|1|PROGRESS|Calentando cache de lecturas
2026-08-26T05:30:19.4543865Z|MariaDB|1|PROGRESS|Ronda 1 de 1
2026-08-26T05:30:19.4565695Z|MariaDB|1|RESULT|busqueda_pk|1|100|9596|1845890
2026-08-26T05:30:19.4566240Z|MariaDB|1|RESULT|listado_filtrado|1|10|1937|712600
2026-08-26T05:30:19.4566470Z|MariaDB|1|RESULT|agregado_ventas|1|1|591|6101138
2026-08-26T05:30:19.4637914Z|MariaDB|1|PROGRESS|Midiendo actualizaciones transaccionales
2026-08-26T05:30:19.4641671Z|MariaDB|1|RESULT|actualizacion_stock|1|100|6198|100
2026-08-26T05:30:19.4642047Z|MariaDB|1|META|rows_final|2000
2026-08-26T05:30:19.4642270Z|MariaDB|1|PROGRESS|Benchmark completado
2026-08-26T05:30:20.0172974Z|PostgreSQL|1|META|motor|PostgreSQL
2026-08-26T05:30:20.0174277Z|PostgreSQL|1|META|articulos|1000
2026-08-26T05:30:20.0174832Z|PostgreSQL|1|META|movimientos|1000
2026-08-26T05:30:20.0175222Z|PostgreSQL|1|META|rondas|1
2026-08-26T05:30:20.0175522Z|PostgreSQL|1|PROGRESS|Midiendo conexiones sin pooling
2026-08-26T05:30:20.0868374Z|PostgreSQL|1|RESULT|conexion|1|10|459393|10
2026-08-26T05:30:20.0869760Z|PostgreSQL|1|META|server_version|PostgreSQL 17.11 on x86_64-windows, compiled by msvc-19.44.35228, 64-bit
2026-08-26T05:30:20.1114625Z|PostgreSQL|1|META|buffer_bytes|134217728
2026-08-26T05:30:20.1115726Z|PostgreSQL|1|META|durability|fsync=on;synchronous_commit=on;full_page_writes=on
2026-08-26T05:30:20.1116013Z|PostgreSQL|1|PROGRESS|Creando esquema aislado
2026-08-26T05:30:20.2851026Z|PostgreSQL|1|PROGRESS|Insertando 1000 articulos
2026-08-26T05:30:20.2856524Z|PostgreSQL|1|RESULT|carga_articulos|1|1000|70905|1000
2026-08-26T05:30:20.2856804Z|PostgreSQL|1|PROGRESS|Insertando 1000 movimientos
2026-08-26T05:30:20.2993836Z|PostgreSQL|1|RESULT|carga_movimientos|1|1000|101547|1000
2026-08-26T05:30:20.2994515Z|PostgreSQL|1|META|rows_verified|2000
2026-08-26T05:30:20.2994667Z|PostgreSQL|1|PROGRESS|Actualizando estadisticas
2026-08-26T05:30:20.2999337Z|PostgreSQL|1|META|data_index_bytes|524288
2026-08-26T05:30:20.3753647Z|PostgreSQL|1|PROGRESS|Calentando cache de lecturas
2026-08-26T05:30:20.3761159Z|PostgreSQL|1|PROGRESS|Ronda 1 de 1
2026-08-26T05:30:20.3764964Z|PostgreSQL|1|RESULT|busqueda_pk|1|100|17289|1845890
2026-08-26T05:30:20.3848993Z|PostgreSQL|1|RESULT|listado_filtrado|1|10|2237|712600
2026-08-26T05:30:20.3849506Z|PostgreSQL|1|RESULT|agregado_ventas|1|1|769|6101138
2026-08-26T05:30:20.3849684Z|PostgreSQL|1|PROGRESS|Midiendo actualizaciones transaccionales
2026-08-26T05:30:20.3886154Z|PostgreSQL|1|RESULT|actualizacion_stock|1|100|7151|100
2026-08-26T05:30:20.3887254Z|PostgreSQL|1|META|rows_final|2000
2026-08-26T05:30:20.3887474Z|PostgreSQL|1|PROGRESS|Benchmark completado
