2026-07-25 15:37:32.700 - [Instance: {62B630CD-A95F-42C3-8828-FE3D9B9F90DC}] -------- Nuevo fichero de log --------
2026-07-25 15:37:32.700 - [Instance: {62B630CD-A95F-42C3-8828-FE3D9B9F90DC}] Fecha: 2026-07-25 15:37:32
2026-07-25 15:37:32.700 - [Instance: {62B630CD-A95F-42C3-8828-FE3D9B9F90DC}] Nombre del equipo: FAUSTINO
2026-07-25 15:37:32.702 - [Instance: {62B630CD-A95F-42C3-8828-FE3D9B9F90DC}] Usuario de Windows: V3607
2026-07-25 15:37:32.702 - [Instance: {62B630CD-A95F-42C3-8828-FE3D9B9F90DC}] Versión de Windows: Windows 10 Enterprise 25H2
2026-07-25 15:37:32.704 - [Instance: {62B630CD-A95F-42C3-8828-FE3D9B9F90DC}] Ruta del programa: C:\DISCO_DURO\proyectos\Factuzam\Win64\Release\
2026-07-25 15:37:32.704 - [Instance: {62B630CD-A95F-42C3-8828-FE3D9B9F90DC}] Carpeta de log: C:\Users\V3607\AppData\Local\factuzam\log\
2026-07-25 15:37:32.704 - [Instance: {62B630CD-A95F-42C3-8828-FE3D9B9F90DC}] Version de fzam: 1.0.15.202606260100.alpha
2026-07-25 15:37:32.704 - [Instance: {62B630CD-A95F-42C3-8828-FE3D9B9F90DC}] -------------------------------
2026-07-25 15:37:32.704 - [Instance: {62B630CD-A95F-42C3-8828-FE3D9B9F90DC}] Inicio de sesión de log. - INFO
2026-07-25 15:37:33.010 - [Instance: {62B630CD-A95F-42C3-8828-FE3D9B9F90DC}] INFO: Leyendo archivo ini de usuario - INFO
2026-07-25 15:37:33.035 - [Instance: {62B630CD-A95F-42C3-8828-FE3D9B9F90DC}] INFO: Licencia de aplicación válida. - INFO
2026-07-25 15:37:33.038 - [Instance: {62B630CD-A95F-42C3-8828-FE3D9B9F90DC}] INFO: Login Correcto - INFO
2026-07-25 15:37:33.054 - [Instance: {62B630CD-A95F-42C3-8828-FE3D9B9F90DC}] INFO: Login Correcto - INFO
2026-07-25 15:37:34.247 - [Instance: {62B630CD-A95F-42C3-8828-FE3D9B9F90DC}] INFO: Arranque: creando parámetros de aplicación - INFO
2026-07-25 15:37:34.247 - [Instance: {62B630CD-A95F-42C3-8828-FE3D9B9F90DC}] WARNING: ResincronizarCachePerfilForm: form="frmMtoAppParam" cache no precargado, ignorado - WARNING
2026-07-25 15:37:34.247 - [Instance: {62B630CD-A95F-42C3-8828-FE3D9B9F90DC}] WARNING: ObtenerPerfilFormCache: form="frmMtoAppParam" cache NO precargado (FCachePrecargada=False), devuelve False - WARNING
2026-07-25 15:37:34.249 - [Instance: {62B630CD-A95F-42C3-8828-FE3D9B9F90DC}] INFO: Modos log aplicados: appModoDebug=False, appModoDebugSQL=False, appLogSQL=False, appLogAvanzado=False - INFO
2026-07-25 15:37:34.249 - [Instance: {62B630CD-A95F-42C3-8828-FE3D9B9F90DC}] INFO: Arranque: creando parámetros de caja - INFO
2026-07-25 15:37:34.252 - [Instance: {62B630CD-A95F-42C3-8828-FE3D9B9F90DC}] WARNING: ResincronizarCachePerfilForm: form="frmMtoCajaParam" cache no precargado, ignorado - WARNING
2026-07-25 15:37:34.252 - [Instance: {62B630CD-A95F-42C3-8828-FE3D9B9F90DC}] WARNING: ObtenerPerfilFormCache: form="frmMtoCajaParam" cache NO precargado (FCachePrecargada=False), devuelve False - WARNING
2026-07-25 15:37:34.258 - [Instance: {62B630CD-A95F-42C3-8828-FE3D9B9F90DC}] INFO: Arranque: PrecargarCachesSerie INICIO - INFO
2026-07-25 15:37:34.259 - [Instance: {62B630CD-A95F-42C3-8828-FE3D9B9F90DC}] INFO: PrecargarPerfilesUsuario: INICIO usuario="Administrador" grupo="Administradores" todos="Todos" connAssigned=True connConnected=True - INFO
2026-07-25 15:37:34.368 - [Instance: {62B630CD-A95F-42C3-8828-FE3D9B9F90DC}] INFO: PrecargarPerfilesUsuario: OK filas=10154 forms_distintos=35 FCachePrecargada=True - INFO
2026-07-25 15:37:34.368 - [Instance: {62B630CD-A95F-42C3-8828-FE3D9B9F90DC}] INFO: PrecargarPerfilesUsuario: cache form="frmMtoArtFacSerach" claves=1 - INFO
2026-07-25 15:37:34.368 - [Instance: {62B630CD-A95F-42C3-8828-FE3D9B9F90DC}] INFO: PrecargarPerfilesUsuario: cache form="frmPrintEtiqArt" claves=1 - INFO
2026-07-25 15:37:34.368 - [Instance: {62B630CD-A95F-42C3-8828-FE3D9B9F90DC}] INFO: PrecargarPerfilesUsuario: cache form="frmMtoDepositosCliente" claves=119 - INFO
2026-07-25 15:37:34.369 - [Instance: {62B630CD-A95F-42C3-8828-FE3D9B9F90DC}] INFO: PrecargarPerfilesUsuario: cache form="frmMtoVariaciones" claves=152 - INFO
2026-07-25 15:37:34.369 - [Instance: {62B630CD-A95F-42C3-8828-FE3D9B9F90DC}] INFO: PrecargarPerfilesUsuario: cache form="frmMtoSolicitudesSearch" claves=2 - INFO
2026-07-25 15:37:34.369 - [Instance: {62B630CD-A95F-42C3-8828-FE3D9B9F90DC}] INFO: PrecargarPerfilesUsuario: cache form="frmMtoGeneradorProcesos" claves=100 - INFO
2026-07-25 15:37:34.369 - [Instance: {62B630CD-A95F-42C3-8828-FE3D9B9F90DC}] INFO: PrecargarPerfilesUsuario: cache form="frmMtoContadores" claves=89 - INFO
2026-07-25 15:37:34.369 - [Instance: {62B630CD-A95F-42C3-8828-FE3D9B9F90DC}] INFO: PrecargarPerfilesUsuario: cache form="frmMtoFacturas_2" claves=674 - INFO
2026-07-25 15:37:34.369 - [Instance: {62B630CD-A95F-42C3-8828-FE3D9B9F90DC}] INFO: PrecargarPerfilesUsuario: cache form="frmMtoInventarios" claves=191 - INFO
2026-07-25 15:37:34.369 - [Instance: {62B630CD-A95F-42C3-8828-FE3D9B9F90DC}] INFO: PrecargarPerfilesUsuario: cache form="frmMtoComprasSesiones" claves=138 - INFO
2026-07-25 15:37:34.369 - [Instance: {62B630CD-A95F-42C3-8828-FE3D9B9F90DC}] INFO: PrecargarPerfilesUsuario: cache form="frmStockConsulta" claves=1 - INFO
2026-07-25 15:37:34.370 - [Instance: {62B630CD-A95F-42C3-8828-FE3D9B9F90DC}] INFO: PrecargarPerfilesUsuario: cache form="frmMtoFacturas_1" claves=674 - INFO
2026-07-25 15:37:34.370 - [Instance: {62B630CD-A95F-42C3-8828-FE3D9B9F90DC}] INFO: PrecargarPerfilesUsuario: cache form="frmMtoArticulos" claves=1129 - INFO
2026-07-25 15:37:34.370 - [Instance: {62B630CD-A95F-42C3-8828-FE3D9B9F90DC}] INFO: PrecargarPerfilesUsuario: cache form="frmMtoOpeCaja" claves=29 - INFO
2026-07-25 15:37:34.370 - [Instance: {62B630CD-A95F-42C3-8828-FE3D9B9F90DC}] INFO: PrecargarPerfilesUsuario: cache form="frmMtoAppParam" claves=28 - INFO
2026-07-25 15:37:34.370 - [Instance: {62B630CD-A95F-42C3-8828-FE3D9B9F90DC}] INFO: PrecargarPerfilesUsuario: cache form="frmMtoArticulos_1" claves=1171 - INFO
2026-07-25 15:37:34.370 - [Instance: {62B630CD-A95F-42C3-8828-FE3D9B9F90DC}] INFO: PrecargarPerfilesUsuario: cache form="frmMtoEmpFacSearch" claves=89 - INFO
2026-07-25 15:37:34.370 - [Instance: {62B630CD-A95F-42C3-8828-FE3D9B9F90DC}] INFO: PrecargarPerfilesUsuario: cache form="frmMtoCliFacSearch" claves=139 - INFO
2026-07-25 15:37:34.370 - [Instance: {62B630CD-A95F-42C3-8828-FE3D9B9F90DC}] INFO: PrecargarPerfilesUsuario: cache form="frmMtoFacturasCompra" claves=123 - INFO
2026-07-25 15:37:34.370 - [Instance: {62B630CD-A95F-42C3-8828-FE3D9B9F90DC}] INFO: PrecargarPerfilesUsuario: cache form="frmFotoArticulo" claves=5 - INFO
2026-07-25 15:37:34.370 - [Instance: {62B630CD-A95F-42C3-8828-FE3D9B9F90DC}] INFO: PrecargarPerfilesUsuario: cache form="frmMtoCajaValesHist" claves=173 - INFO
2026-07-25 15:37:34.370 - [Instance: {62B630CD-A95F-42C3-8828-FE3D9B9F90DC}] INFO: PrecargarPerfilesUsuario: cache form="frmLogon" claves=1 - INFO
2026-07-25 15:37:34.370 - [Instance: {62B630CD-A95F-42C3-8828-FE3D9B9F90DC}] INFO: PrecargarPerfilesUsuario: cache form="frmMtoArtProvSearch" claves=135 - INFO
2026-07-25 15:37:34.370 - [Instance: {62B630CD-A95F-42C3-8828-FE3D9B9F90DC}] INFO: PrecargarPerfilesUsuario: cache form="frmMtoCajaOperacionesHist" claves=670 - INFO
2026-07-25 15:37:34.370 - [Instance: {62B630CD-A95F-42C3-8828-FE3D9B9F90DC}] INFO: PrecargarPerfilesUsuario: cache form="frmPrintAlbCompra" claves=1 - INFO
2026-07-25 15:37:34.370 - [Instance: {62B630CD-A95F-42C3-8828-FE3D9B9F90DC}] INFO: PrecargarPerfilesUsuario: cache form="dmFacturas" claves=27 - INFO
2026-07-25 15:37:34.370 - [Instance: {62B630CD-A95F-42C3-8828-FE3D9B9F90DC}] INFO: PrecargarPerfilesUsuario: cache form="frmMtoSesProvSearch" claves=3 - INFO
2026-07-25 15:37:34.370 - [Instance: {62B630CD-A95F-42C3-8828-FE3D9B9F90DC}] INFO: PrecargarPerfilesUsuario: cache form="frmMtoFacturas_4" claves=748 - INFO
2026-07-25 15:37:34.370 - [Instance: {62B630CD-A95F-42C3-8828-FE3D9B9F90DC}] INFO: PrecargarPerfilesUsuario: cache form="frmMtoArticulos_2" claves=1123 - INFO
2026-07-25 15:37:34.370 - [Instance: {62B630CD-A95F-42C3-8828-FE3D9B9F90DC}] INFO: PrecargarPerfilesUsuario: cache form="inLibtb" claves=1 - INFO
2026-07-25 15:37:34.370 - [Instance: {62B630CD-A95F-42C3-8828-FE3D9B9F90DC}] INFO: PrecargarPerfilesUsuario: cache form="frmMtoEmpresas_1" claves=646 - INFO
2026-07-25 15:37:34.370 - [Instance: {62B630CD-A95F-42C3-8828-FE3D9B9F90DC}] INFO: PrecargarPerfilesUsuario: cache form="frmMtoFacturas_3" claves=748 - INFO
2026-07-25 15:37:34.370 - [Instance: {62B630CD-A95F-42C3-8828-FE3D9B9F90DC}] INFO: PrecargarPerfilesUsuario: cache form="frmConsultaOpe" claves=166 - INFO
2026-07-25 15:37:34.370 - [Instance: {62B630CD-A95F-42C3-8828-FE3D9B9F90DC}] INFO: PrecargarPerfilesUsuario: cache form="frmMtoCajaParam" claves=29 - INFO
2026-07-25 15:37:34.370 - [Instance: {62B630CD-A95F-42C3-8828-FE3D9B9F90DC}] INFO: PrecargarPerfilesUsuario: cache form="frmMtoEmpresas" claves=780 - INFO
2026-07-25 15:37:34.370 - [Instance: {62B630CD-A95F-42C3-8828-FE3D9B9F90DC}] INFO: ConfigCamposCache: precargados 240 campos - INFO
2026-07-25 15:37:34.376 - [Instance: {62B630CD-A95F-42C3-8828-FE3D9B9F90DC}] INFO: PrecargaSerie: total=118 ms - INFO
2026-07-25 15:37:34.376 - [Instance: {62B630CD-A95F-42C3-8828-FE3D9B9F90DC}] INFO: Arranque: impresora de caja resuelta = "DEBUG" - INFO
2026-07-25 15:37:34.376 - [Instance: {62B630CD-A95F-42C3-8828-FE3D9B9F90DC}] INFO: Cola Verifactu: hilo iniciado - INFO
2026-07-25 15:37:34.376 - [Instance: {62B630CD-A95F-42C3-8828-FE3D9B9F90DC}] INFO: Cola de ventas WS: hilo iniciado - INFO
2026-07-25 15:37:34.398 - [Instance: {62B630CD-A95F-42C3-8828-FE3D9B9F90DC}] INFO: Modos log aplicados: appModoDebug=False, appModoDebugSQL=False, appLogSQL=False, appLogAvanzado=False - INFO
2026-07-25 15:37:34.637 - [Instance: {62B630CD-A95F-42C3-8828-FE3D9B9F90DC}] INFO: CargarFondoLogo: OK desde recurso FONDO (8585 bytes) - INFO
2026-07-25 15:37:34.652 - [Instance: {62B630CD-A95F-42C3-8828-FE3D9B9F90DC}] INFO: Arranque del sistema - INFO
2026-07-25 15:37:54.675 - [Instance: {62B630CD-A95F-42C3-8828-FE3D9B9F90DC}] INFO: TLayoutLoader.Create: formKey="frmMtoAppParam" -> GetFormUserProfile - INFO
2026-07-25 15:37:54.677 - [Instance: {62B630CD-A95F-42C3-8828-FE3D9B9F90DC}] INFO: ObtenerPerfilFormCache: form="frmMtoAppParam" HIT claves=28 - INFO
2026-07-25 15:37:54.677 - [Instance: {62B630CD-A95F-42C3-8828-FE3D9B9F90DC}] INFO: TLayoutLoader.Create: formKey="frmMtoAppParam" disponible=True claves=28 - INFO
2026-07-25 15:38:38.615 - [Instance: {62B630CD-A95F-42C3-8828-FE3D9B9F90DC}] WARNING: Cola de ventas WS pendiente: falta URL, API key o referencia de instalación. - WARNING
