2026-07-25 13:43:43.019 - [Instance: {04A7B8AD-3130-428A-B858-C58D5C906114}] -------- Nuevo fichero de log --------
2026-07-25 13:43:43.019 - [Instance: {04A7B8AD-3130-428A-B858-C58D5C906114}] Fecha: 2026-07-25 13:43:43
2026-07-25 13:43:43.019 - [Instance: {04A7B8AD-3130-428A-B858-C58D5C906114}] Nombre del equipo: FAUSTINO
2026-07-25 13:43:43.019 - [Instance: {04A7B8AD-3130-428A-B858-C58D5C906114}] Usuario de Windows: V3607
2026-07-25 13:43:43.019 - [Instance: {04A7B8AD-3130-428A-B858-C58D5C906114}] Versión de Windows: Windows 10 Enterprise 25H2
2026-07-25 13:43:43.019 - [Instance: {04A7B8AD-3130-428A-B858-C58D5C906114}] Ruta del programa: C:\DISCO_DURO\proyectos\Factuzam\Win64\Release\
2026-07-25 13:43:43.019 - [Instance: {04A7B8AD-3130-428A-B858-C58D5C906114}] Carpeta de log: C:\Users\V3607\AppData\Local\factuzam\log\
2026-07-25 13:43:43.019 - [Instance: {04A7B8AD-3130-428A-B858-C58D5C906114}] Version de fzam: 1.0.15.202606260100.alpha
2026-07-25 13:43:43.019 - [Instance: {04A7B8AD-3130-428A-B858-C58D5C906114}] -------------------------------
2026-07-25 13:43:43.019 - [Instance: {04A7B8AD-3130-428A-B858-C58D5C906114}] Inicio de sesión de log. - INFO
2026-07-25 13:43:43.089 - [Instance: {04A7B8AD-3130-428A-B858-C58D5C906114}] INFO: Leyendo archivo ini de usuario - INFO
2026-07-25 13:43:43.116 - [Instance: {04A7B8AD-3130-428A-B858-C58D5C906114}] INFO: Licencia de aplicación válida. - INFO
2026-07-25 13:43:43.118 - [Instance: {04A7B8AD-3130-428A-B858-C58D5C906114}] INFO: Login Correcto - INFO
2026-07-25 13:43:43.123 - [Instance: {04A7B8AD-3130-428A-B858-C58D5C906114}] INFO: Login Correcto - INFO
2026-07-25 13:43:43.494 - [Instance: {04A7B8AD-3130-428A-B858-C58D5C906114}] INFO: Arranque: pre-InicializarParametrosApp - INFO
2026-07-25 13:43:43.499 - [Instance: {04A7B8AD-3130-428A-B858-C58D5C906114}] INFO: Modos log aplicados: appModoDebug=False, appModoDebugSQL=False, appLogSQL=False, appLogAvanzado=False - INFO
2026-07-25 13:43:43.501 - [Instance: {04A7B8AD-3130-428A-B858-C58D5C906114}] INFO: Arranque: PrecargarCachesSerie INICIO - INFO
2026-07-25 13:43:43.501 - [Instance: {04A7B8AD-3130-428A-B858-C58D5C906114}] INFO: PrecargarPerfilesUsuario: INICIO usuario="Administrador" grupo="Administradores" todos="Todos" connAssigned=True connConnected=True - INFO
2026-07-25 13:43:43.552 - [Instance: {04A7B8AD-3130-428A-B858-C58D5C906114}] INFO: PrecargarPerfilesUsuario: OK filas=10154 forms_distintos=35 FCachePrecargada=True - INFO
2026-07-25 13:43:43.552 - [Instance: {04A7B8AD-3130-428A-B858-C58D5C906114}] INFO: PrecargarPerfilesUsuario: cache form="frmMtoArtFacSerach" claves=1 - INFO
2026-07-25 13:43:43.552 - [Instance: {04A7B8AD-3130-428A-B858-C58D5C906114}] INFO: PrecargarPerfilesUsuario: cache form="frmPrintEtiqArt" claves=1 - INFO
2026-07-25 13:43:43.552 - [Instance: {04A7B8AD-3130-428A-B858-C58D5C906114}] INFO: PrecargarPerfilesUsuario: cache form="frmMtoDepositosCliente" claves=119 - INFO
2026-07-25 13:43:43.552 - [Instance: {04A7B8AD-3130-428A-B858-C58D5C906114}] INFO: PrecargarPerfilesUsuario: cache form="frmMtoVariaciones" claves=152 - INFO
2026-07-25 13:43:43.552 - [Instance: {04A7B8AD-3130-428A-B858-C58D5C906114}] INFO: PrecargarPerfilesUsuario: cache form="frmMtoSolicitudesSearch" claves=2 - INFO
2026-07-25 13:43:43.552 - [Instance: {04A7B8AD-3130-428A-B858-C58D5C906114}] INFO: PrecargarPerfilesUsuario: cache form="frmMtoGeneradorProcesos" claves=100 - INFO
2026-07-25 13:43:43.552 - [Instance: {04A7B8AD-3130-428A-B858-C58D5C906114}] INFO: PrecargarPerfilesUsuario: cache form="frmMtoContadores" claves=89 - INFO
2026-07-25 13:43:43.552 - [Instance: {04A7B8AD-3130-428A-B858-C58D5C906114}] INFO: PrecargarPerfilesUsuario: cache form="frmMtoFacturas_2" claves=674 - INFO
2026-07-25 13:43:43.552 - [Instance: {04A7B8AD-3130-428A-B858-C58D5C906114}] INFO: PrecargarPerfilesUsuario: cache form="frmMtoInventarios" claves=191 - INFO
2026-07-25 13:43:43.552 - [Instance: {04A7B8AD-3130-428A-B858-C58D5C906114}] INFO: PrecargarPerfilesUsuario: cache form="frmMtoComprasSesiones" claves=138 - INFO
2026-07-25 13:43:43.552 - [Instance: {04A7B8AD-3130-428A-B858-C58D5C906114}] INFO: PrecargarPerfilesUsuario: cache form="frmStockConsulta" claves=1 - INFO
2026-07-25 13:43:43.552 - [Instance: {04A7B8AD-3130-428A-B858-C58D5C906114}] INFO: PrecargarPerfilesUsuario: cache form="frmMtoFacturas_1" claves=674 - INFO
2026-07-25 13:43:43.552 - [Instance: {04A7B8AD-3130-428A-B858-C58D5C906114}] INFO: PrecargarPerfilesUsuario: cache form="frmMtoArticulos" claves=1129 - INFO
2026-07-25 13:43:43.552 - [Instance: {04A7B8AD-3130-428A-B858-C58D5C906114}] INFO: PrecargarPerfilesUsuario: cache form="frmMtoOpeCaja" claves=29 - INFO
2026-07-25 13:43:43.552 - [Instance: {04A7B8AD-3130-428A-B858-C58D5C906114}] INFO: PrecargarPerfilesUsuario: cache form="frmMtoAppParam" claves=28 - INFO
2026-07-25 13:43:43.552 - [Instance: {04A7B8AD-3130-428A-B858-C58D5C906114}] INFO: PrecargarPerfilesUsuario: cache form="frmMtoArticulos_1" claves=1171 - INFO
2026-07-25 13:43:43.552 - [Instance: {04A7B8AD-3130-428A-B858-C58D5C906114}] INFO: PrecargarPerfilesUsuario: cache form="frmMtoEmpFacSearch" claves=89 - INFO
2026-07-25 13:43:43.552 - [Instance: {04A7B8AD-3130-428A-B858-C58D5C906114}] INFO: PrecargarPerfilesUsuario: cache form="frmMtoCliFacSearch" claves=139 - INFO
2026-07-25 13:43:43.552 - [Instance: {04A7B8AD-3130-428A-B858-C58D5C906114}] INFO: PrecargarPerfilesUsuario: cache form="frmMtoFacturasCompra" claves=123 - INFO
2026-07-25 13:43:43.554 - [Instance: {04A7B8AD-3130-428A-B858-C58D5C906114}] INFO: PrecargarPerfilesUsuario: cache form="frmFotoArticulo" claves=5 - INFO
2026-07-25 13:43:43.554 - [Instance: {04A7B8AD-3130-428A-B858-C58D5C906114}] INFO: PrecargarPerfilesUsuario: cache form="frmMtoCajaValesHist" claves=173 - INFO
2026-07-25 13:43:43.554 - [Instance: {04A7B8AD-3130-428A-B858-C58D5C906114}] INFO: PrecargarPerfilesUsuario: cache form="frmLogon" claves=1 - INFO
2026-07-25 13:43:43.554 - [Instance: {04A7B8AD-3130-428A-B858-C58D5C906114}] INFO: PrecargarPerfilesUsuario: cache form="frmMtoArtProvSearch" claves=135 - INFO
2026-07-25 13:43:43.554 - [Instance: {04A7B8AD-3130-428A-B858-C58D5C906114}] INFO: PrecargarPerfilesUsuario: cache form="frmMtoCajaOperacionesHist" claves=670 - INFO
2026-07-25 13:43:43.554 - [Instance: {04A7B8AD-3130-428A-B858-C58D5C906114}] INFO: PrecargarPerfilesUsuario: cache form="frmPrintAlbCompra" claves=1 - INFO
2026-07-25 13:43:43.554 - [Instance: {04A7B8AD-3130-428A-B858-C58D5C906114}] INFO: PrecargarPerfilesUsuario: cache form="dmFacturas" claves=27 - INFO
2026-07-25 13:43:43.554 - [Instance: {04A7B8AD-3130-428A-B858-C58D5C906114}] INFO: PrecargarPerfilesUsuario: cache form="frmMtoSesProvSearch" claves=3 - INFO
2026-07-25 13:43:43.554 - [Instance: {04A7B8AD-3130-428A-B858-C58D5C906114}] INFO: PrecargarPerfilesUsuario: cache form="frmMtoFacturas_4" claves=748 - INFO
2026-07-25 13:43:43.554 - [Instance: {04A7B8AD-3130-428A-B858-C58D5C906114}] INFO: PrecargarPerfilesUsuario: cache form="frmMtoArticulos_2" claves=1123 - INFO
2026-07-25 13:43:43.554 - [Instance: {04A7B8AD-3130-428A-B858-C58D5C906114}] INFO: PrecargarPerfilesUsuario: cache form="inLibtb" claves=1 - INFO
2026-07-25 13:43:43.554 - [Instance: {04A7B8AD-3130-428A-B858-C58D5C906114}] INFO: PrecargarPerfilesUsuario: cache form="frmMtoEmpresas_1" claves=646 - INFO
2026-07-25 13:43:43.554 - [Instance: {04A7B8AD-3130-428A-B858-C58D5C906114}] INFO: PrecargarPerfilesUsuario: cache form="frmMtoFacturas_3" claves=748 - INFO
2026-07-25 13:43:43.554 - [Instance: {04A7B8AD-3130-428A-B858-C58D5C906114}] INFO: PrecargarPerfilesUsuario: cache form="frmConsultaOpe" claves=166 - INFO
2026-07-25 13:43:43.554 - [Instance: {04A7B8AD-3130-428A-B858-C58D5C906114}] INFO: PrecargarPerfilesUsuario: cache form="frmMtoCajaParam" claves=29 - INFO
2026-07-25 13:43:43.554 - [Instance: {04A7B8AD-3130-428A-B858-C58D5C906114}] INFO: PrecargarPerfilesUsuario: cache form="frmMtoEmpresas" claves=780 - INFO
2026-07-25 13:43:43.557 - [Instance: {04A7B8AD-3130-428A-B858-C58D5C906114}] INFO: ConfigCamposCache: precargados 240 campos - INFO
2026-07-25 13:43:43.557 - [Instance: {04A7B8AD-3130-428A-B858-C58D5C906114}] INFO: PrecargaSerie: total=56 ms - INFO
2026-07-25 13:43:43.557 - [Instance: {04A7B8AD-3130-428A-B858-C58D5C906114}] INFO: Arranque: pre-InicializarParametrosCaja - INFO
2026-07-25 13:43:43.557 - [Instance: {04A7B8AD-3130-428A-B858-C58D5C906114}] INFO: Arranque: impresora de caja resuelta = "DEBUG" - INFO
2026-07-25 13:43:43.557 - [Instance: {04A7B8AD-3130-428A-B858-C58D5C906114}] INFO: Cola Verifactu: hilo iniciado - INFO
2026-07-25 13:43:43.557 - [Instance: {04A7B8AD-3130-428A-B858-C58D5C906114}] INFO: Cola de ventas WS: hilo iniciado - INFO
2026-07-25 13:43:43.568 - [Instance: {04A7B8AD-3130-428A-B858-C58D5C906114}] INFO: Modos log aplicados: appModoDebug=False, appModoDebugSQL=False, appLogSQL=False, appLogAvanzado=False - INFO
2026-07-25 13:43:43.619 - [Instance: {04A7B8AD-3130-428A-B858-C58D5C906114}] INFO: CargarFondoLogo: OK desde recurso FONDO (8585 bytes) - INFO
2026-07-25 13:43:43.621 - [Instance: {04A7B8AD-3130-428A-B858-C58D5C906114}] INFO: Arranque del sistema - INFO
2026-07-25 13:43:47.333 - [Instance: {04A7B8AD-3130-428A-B858-C58D5C906114}] INFO: Cola de ventas WS: hilo detenido - INFO
2026-07-25 13:43:47.333 - [Instance: {04A7B8AD-3130-428A-B858-C58D5C906114}] INFO: Cola Verifactu: hilo detenido - INFO
2026-07-25 13:43:47.333 - [Instance: {04A7B8AD-3130-428A-B858-C58D5C906114}] INFO: Cerrando ventana principal - INFO
2026-07-25 13:43:47.335 - [Instance: {04A7B8AD-3130-428A-B858-C58D5C906114}] INFO: Ventana principal Cerrada - INFO
2026-07-25 13:43:47.335 - [Instance: {04A7B8AD-3130-428A-B858-C58D5C906114}] INFO: Salida del proceso - INFO
2026-07-25 13:43:47.335 - [Instance: {04A7B8AD-3130-428A-B858-C58D5C906114}] Fin de sesión de log. - INFO
