2026-07-25 16:13:58.463 - [Instance: {087D76D5-41E0-48AA-A6E0-C2C29F6CC2C5}] -------- Nuevo fichero de log --------
2026-07-25 16:13:58.463 - [Instance: {087D76D5-41E0-48AA-A6E0-C2C29F6CC2C5}] Fecha: 2026-07-25 16:13:58
2026-07-25 16:13:58.463 - [Instance: {087D76D5-41E0-48AA-A6E0-C2C29F6CC2C5}] Nombre del equipo: FAUSTINO
2026-07-25 16:13:58.463 - [Instance: {087D76D5-41E0-48AA-A6E0-C2C29F6CC2C5}] Usuario de Windows: V3607
2026-07-25 16:13:58.463 - [Instance: {087D76D5-41E0-48AA-A6E0-C2C29F6CC2C5}] Versión de Windows: Windows 10 Enterprise 25H2
2026-07-25 16:13:58.463 - [Instance: {087D76D5-41E0-48AA-A6E0-C2C29F6CC2C5}] Ruta del programa: C:\DISCO_DURO\proyectos\Factuzam\Win64\Release\
2026-07-25 16:13:58.463 - [Instance: {087D76D5-41E0-48AA-A6E0-C2C29F6CC2C5}] Carpeta de log: C:\Users\V3607\AppData\Local\factuzam\log\
2026-07-25 16:13:58.463 - [Instance: {087D76D5-41E0-48AA-A6E0-C2C29F6CC2C5}] Version de fzam: 1.0.15.202606260100.alpha
2026-07-25 16:13:58.463 - [Instance: {087D76D5-41E0-48AA-A6E0-C2C29F6CC2C5}] -------------------------------
2026-07-25 16:13:58.463 - [Instance: {087D76D5-41E0-48AA-A6E0-C2C29F6CC2C5}] Inicio de sesión de log. - INFO
2026-07-25 16:13:58.599 - [Instance: {087D76D5-41E0-48AA-A6E0-C2C29F6CC2C5}] INFO: Leyendo archivo ini de usuario - INFO
2026-07-25 16:13:58.610 - [Instance: {087D76D5-41E0-48AA-A6E0-C2C29F6CC2C5}] INFO: Licencia de aplicación válida. - INFO
2026-07-25 16:13:58.613 - [Instance: {087D76D5-41E0-48AA-A6E0-C2C29F6CC2C5}] INFO: Login Correcto - INFO
2026-07-25 16:13:58.620 - [Instance: {087D76D5-41E0-48AA-A6E0-C2C29F6CC2C5}] INFO: Login Correcto - INFO
2026-07-25 16:13:59.134 - [Instance: {087D76D5-41E0-48AA-A6E0-C2C29F6CC2C5}] INFO: Arranque: creando parámetros de aplicación - INFO
2026-07-25 16:13:59.134 - [Instance: {087D76D5-41E0-48AA-A6E0-C2C29F6CC2C5}] WARNING: ResincronizarCachePerfilForm: form="frmMtoAppParam" cache no precargado, ignorado - WARNING
2026-07-25 16:13:59.134 - [Instance: {087D76D5-41E0-48AA-A6E0-C2C29F6CC2C5}] WARNING: ObtenerPerfilFormCache: form="frmMtoAppParam" cache NO precargado (FCachePrecargada=False), devuelve False - WARNING
2026-07-25 16:13:59.134 - [Instance: {087D76D5-41E0-48AA-A6E0-C2C29F6CC2C5}] INFO: Modos log aplicados: appModoDebug=False, appModoDebugSQL=False, appLogSQL=False, appLogAvanzado=False - INFO
2026-07-25 16:13:59.137 - [Instance: {087D76D5-41E0-48AA-A6E0-C2C29F6CC2C5}] INFO: Arranque: creando parámetros de caja - INFO
2026-07-25 16:13:59.137 - [Instance: {087D76D5-41E0-48AA-A6E0-C2C29F6CC2C5}] WARNING: ResincronizarCachePerfilForm: form="frmMtoCajaParam" cache no precargado, ignorado - WARNING
2026-07-25 16:13:59.137 - [Instance: {087D76D5-41E0-48AA-A6E0-C2C29F6CC2C5}] WARNING: ObtenerPerfilFormCache: form="frmMtoCajaParam" cache NO precargado (FCachePrecargada=False), devuelve False - WARNING
2026-07-25 16:13:59.143 - [Instance: {087D76D5-41E0-48AA-A6E0-C2C29F6CC2C5}] INFO: Arranque: PrecargarCachesSerie INICIO - INFO
2026-07-25 16:13:59.143 - [Instance: {087D76D5-41E0-48AA-A6E0-C2C29F6CC2C5}] INFO: PrecargarPerfilesUsuario: INICIO usuario="Administrador" grupo="Administradores" todos="Todos" connAssigned=True connConnected=True - INFO
2026-07-25 16:13:59.224 - [Instance: {087D76D5-41E0-48AA-A6E0-C2C29F6CC2C5}] INFO: PrecargarPerfilesUsuario: OK filas=10154 forms_distintos=35 FCachePrecargada=True - INFO
2026-07-25 16:13:59.225 - [Instance: {087D76D5-41E0-48AA-A6E0-C2C29F6CC2C5}] INFO: PrecargarPerfilesUsuario: cache form="frmMtoArtFacSerach" claves=1 - INFO
2026-07-25 16:13:59.225 - [Instance: {087D76D5-41E0-48AA-A6E0-C2C29F6CC2C5}] INFO: PrecargarPerfilesUsuario: cache form="frmPrintEtiqArt" claves=1 - INFO
2026-07-25 16:13:59.225 - [Instance: {087D76D5-41E0-48AA-A6E0-C2C29F6CC2C5}] INFO: PrecargarPerfilesUsuario: cache form="frmMtoDepositosCliente" claves=119 - INFO
2026-07-25 16:13:59.225 - [Instance: {087D76D5-41E0-48AA-A6E0-C2C29F6CC2C5}] INFO: PrecargarPerfilesUsuario: cache form="frmMtoVariaciones" claves=152 - INFO
2026-07-25 16:13:59.225 - [Instance: {087D76D5-41E0-48AA-A6E0-C2C29F6CC2C5}] INFO: PrecargarPerfilesUsuario: cache form="frmMtoSolicitudesSearch" claves=2 - INFO
2026-07-25 16:13:59.225 - [Instance: {087D76D5-41E0-48AA-A6E0-C2C29F6CC2C5}] INFO: PrecargarPerfilesUsuario: cache form="frmMtoGeneradorProcesos" claves=100 - INFO
2026-07-25 16:13:59.225 - [Instance: {087D76D5-41E0-48AA-A6E0-C2C29F6CC2C5}] INFO: PrecargarPerfilesUsuario: cache form="frmMtoContadores" claves=89 - INFO
2026-07-25 16:13:59.225 - [Instance: {087D76D5-41E0-48AA-A6E0-C2C29F6CC2C5}] INFO: PrecargarPerfilesUsuario: cache form="frmMtoFacturas_2" claves=674 - INFO
2026-07-25 16:13:59.225 - [Instance: {087D76D5-41E0-48AA-A6E0-C2C29F6CC2C5}] INFO: PrecargarPerfilesUsuario: cache form="frmMtoInventarios" claves=191 - INFO
2026-07-25 16:13:59.225 - [Instance: {087D76D5-41E0-48AA-A6E0-C2C29F6CC2C5}] INFO: PrecargarPerfilesUsuario: cache form="frmMtoComprasSesiones" claves=138 - INFO
2026-07-25 16:13:59.225 - [Instance: {087D76D5-41E0-48AA-A6E0-C2C29F6CC2C5}] INFO: PrecargarPerfilesUsuario: cache form="frmStockConsulta" claves=1 - INFO
2026-07-25 16:13:59.225 - [Instance: {087D76D5-41E0-48AA-A6E0-C2C29F6CC2C5}] INFO: PrecargarPerfilesUsuario: cache form="frmMtoFacturas_1" claves=674 - INFO
2026-07-25 16:13:59.225 - [Instance: {087D76D5-41E0-48AA-A6E0-C2C29F6CC2C5}] INFO: PrecargarPerfilesUsuario: cache form="frmMtoArticulos" claves=1129 - INFO
2026-07-25 16:13:59.225 - [Instance: {087D76D5-41E0-48AA-A6E0-C2C29F6CC2C5}] INFO: PrecargarPerfilesUsuario: cache form="frmMtoOpeCaja" claves=29 - INFO
2026-07-25 16:13:59.225 - [Instance: {087D76D5-41E0-48AA-A6E0-C2C29F6CC2C5}] INFO: PrecargarPerfilesUsuario: cache form="frmMtoAppParam" claves=28 - INFO
2026-07-25 16:13:59.225 - [Instance: {087D76D5-41E0-48AA-A6E0-C2C29F6CC2C5}] INFO: PrecargarPerfilesUsuario: cache form="frmMtoArticulos_1" claves=1171 - INFO
2026-07-25 16:13:59.225 - [Instance: {087D76D5-41E0-48AA-A6E0-C2C29F6CC2C5}] INFO: PrecargarPerfilesUsuario: cache form="frmMtoEmpFacSearch" claves=89 - INFO
2026-07-25 16:13:59.225 - [Instance: {087D76D5-41E0-48AA-A6E0-C2C29F6CC2C5}] INFO: PrecargarPerfilesUsuario: cache form="frmMtoCliFacSearch" claves=139 - INFO
2026-07-25 16:13:59.225 - [Instance: {087D76D5-41E0-48AA-A6E0-C2C29F6CC2C5}] INFO: PrecargarPerfilesUsuario: cache form="frmMtoFacturasCompra" claves=123 - INFO
2026-07-25 16:13:59.225 - [Instance: {087D76D5-41E0-48AA-A6E0-C2C29F6CC2C5}] INFO: PrecargarPerfilesUsuario: cache form="frmFotoArticulo" claves=5 - INFO
2026-07-25 16:13:59.225 - [Instance: {087D76D5-41E0-48AA-A6E0-C2C29F6CC2C5}] INFO: PrecargarPerfilesUsuario: cache form="frmMtoCajaValesHist" claves=173 - INFO
2026-07-25 16:13:59.225 - [Instance: {087D76D5-41E0-48AA-A6E0-C2C29F6CC2C5}] INFO: PrecargarPerfilesUsuario: cache form="frmLogon" claves=1 - INFO
2026-07-25 16:13:59.225 - [Instance: {087D76D5-41E0-48AA-A6E0-C2C29F6CC2C5}] INFO: PrecargarPerfilesUsuario: cache form="frmMtoArtProvSearch" claves=135 - INFO
2026-07-25 16:13:59.225 - [Instance: {087D76D5-41E0-48AA-A6E0-C2C29F6CC2C5}] INFO: PrecargarPerfilesUsuario: cache form="frmMtoCajaOperacionesHist" claves=670 - INFO
2026-07-25 16:13:59.225 - [Instance: {087D76D5-41E0-48AA-A6E0-C2C29F6CC2C5}] INFO: PrecargarPerfilesUsuario: cache form="frmPrintAlbCompra" claves=1 - INFO
2026-07-25 16:13:59.225 - [Instance: {087D76D5-41E0-48AA-A6E0-C2C29F6CC2C5}] INFO: PrecargarPerfilesUsuario: cache form="dmFacturas" claves=27 - INFO
2026-07-25 16:13:59.225 - [Instance: {087D76D5-41E0-48AA-A6E0-C2C29F6CC2C5}] INFO: PrecargarPerfilesUsuario: cache form="frmMtoSesProvSearch" claves=3 - INFO
2026-07-25 16:13:59.225 - [Instance: {087D76D5-41E0-48AA-A6E0-C2C29F6CC2C5}] INFO: PrecargarPerfilesUsuario: cache form="frmMtoFacturas_4" claves=748 - INFO
2026-07-25 16:13:59.225 - [Instance: {087D76D5-41E0-48AA-A6E0-C2C29F6CC2C5}] INFO: PrecargarPerfilesUsuario: cache form="frmMtoArticulos_2" claves=1123 - INFO
2026-07-25 16:13:59.225 - [Instance: {087D76D5-41E0-48AA-A6E0-C2C29F6CC2C5}] INFO: PrecargarPerfilesUsuario: cache form="inLibtb" claves=1 - INFO
2026-07-25 16:13:59.225 - [Instance: {087D76D5-41E0-48AA-A6E0-C2C29F6CC2C5}] INFO: PrecargarPerfilesUsuario: cache form="frmMtoEmpresas_1" claves=646 - INFO
2026-07-25 16:13:59.227 - [Instance: {087D76D5-41E0-48AA-A6E0-C2C29F6CC2C5}] INFO: PrecargarPerfilesUsuario: cache form="frmMtoFacturas_3" claves=748 - INFO
2026-07-25 16:13:59.227 - [Instance: {087D76D5-41E0-48AA-A6E0-C2C29F6CC2C5}] INFO: PrecargarPerfilesUsuario: cache form="frmConsultaOpe" claves=166 - INFO
2026-07-25 16:13:59.227 - [Instance: {087D76D5-41E0-48AA-A6E0-C2C29F6CC2C5}] INFO: PrecargarPerfilesUsuario: cache form="frmMtoCajaParam" claves=29 - INFO
2026-07-25 16:13:59.227 - [Instance: {087D76D5-41E0-48AA-A6E0-C2C29F6CC2C5}] INFO: PrecargarPerfilesUsuario: cache form="frmMtoEmpresas" claves=780 - INFO
2026-07-25 16:13:59.230 - [Instance: {087D76D5-41E0-48AA-A6E0-C2C29F6CC2C5}] INFO: ConfigCamposCache: precargados 240 campos - INFO
2026-07-25 16:13:59.231 - [Instance: {087D76D5-41E0-48AA-A6E0-C2C29F6CC2C5}] INFO: PrecargaSerie: total=88 ms - INFO
2026-07-25 16:13:59.231 - [Instance: {087D76D5-41E0-48AA-A6E0-C2C29F6CC2C5}] INFO: Arranque: impresora de caja resuelta = "DEBUG" - INFO
2026-07-25 16:13:59.232 - [Instance: {087D76D5-41E0-48AA-A6E0-C2C29F6CC2C5}] INFO: Cola Verifactu: hilo iniciado - INFO
2026-07-25 16:13:59.232 - [Instance: {087D76D5-41E0-48AA-A6E0-C2C29F6CC2C5}] INFO: Cola de ventas WS: hilo iniciado - INFO
2026-07-25 16:13:59.242 - [Instance: {087D76D5-41E0-48AA-A6E0-C2C29F6CC2C5}] INFO: Modos log aplicados: appModoDebug=False, appModoDebugSQL=False, appLogSQL=False, appLogAvanzado=False - INFO
2026-07-25 16:13:59.397 - [Instance: {087D76D5-41E0-48AA-A6E0-C2C29F6CC2C5}] INFO: CargarFondoLogo: OK desde recurso FONDO (8585 bytes) - INFO
2026-07-25 16:13:59.400 - [Instance: {087D76D5-41E0-48AA-A6E0-C2C29F6CC2C5}] INFO: Arranque del sistema - INFO
2026-07-25 16:14:18.303 - [Instance: {087D76D5-41E0-48AA-A6E0-C2C29F6CC2C5}] INFO: TLayoutLoader.Create: formKey="frmMtoAppParam" -> GetFormUserProfile - INFO
2026-07-25 16:14:18.305 - [Instance: {087D76D5-41E0-48AA-A6E0-C2C29F6CC2C5}] INFO: ObtenerPerfilFormCache: form="frmMtoAppParam" HIT claves=28 - INFO
2026-07-25 16:14:18.305 - [Instance: {087D76D5-41E0-48AA-A6E0-C2C29F6CC2C5}] INFO: TLayoutLoader.Create: formKey="frmMtoAppParam" disponible=True claves=28 - INFO
2026-07-25 16:15:02.905 - [Instance: {087D76D5-41E0-48AA-A6E0-C2C29F6CC2C5}] WARNING: Cola de ventas WS pendiente: falta URL, API key o referencia de instalación. - WARNING
2026-07-25 16:16:02.440 - [Instance: {087D76D5-41E0-48AA-A6E0-C2C29F6CC2C5}] INFO: ResincronizarCachePerfilForm: form="frmMtoAppParam" actualizado claves=29 - INFO
2026-07-25 16:16:02.440 - [Instance: {087D76D5-41E0-48AA-A6E0-C2C29F6CC2C5}] INFO: ObtenerPerfilFormCache: form="frmMtoAppParam" HIT claves=29 - INFO
2026-07-25 16:16:02.440 - [Instance: {087D76D5-41E0-48AA-A6E0-C2C29F6CC2C5}] INFO: Modos log aplicados: appModoDebug=False, appModoDebugSQL=False, appLogSQL=False, appLogAvanzado=False - INFO
2026-07-25 16:16:30.284 - [Instance: {087D76D5-41E0-48AA-A6E0-C2C29F6CC2C5}] INFO: TLayoutLoader.Create: formKey="frmMtoAppParam" -> GetFormUserProfile - INFO
2026-07-25 16:16:30.284 - [Instance: {087D76D5-41E0-48AA-A6E0-C2C29F6CC2C5}] INFO: ObtenerPerfilFormCache: form="frmMtoAppParam" HIT claves=29 - INFO
2026-07-25 16:16:30.284 - [Instance: {087D76D5-41E0-48AA-A6E0-C2C29F6CC2C5}] INFO: TLayoutLoader.Create: formKey="frmMtoAppParam" disponible=True claves=29 - INFO
2026-07-25 16:17:44.493 - [Instance: {087D76D5-41E0-48AA-A6E0-C2C29F6CC2C5}] INFO: ResincronizarCachePerfilForm: form="frmMtoAppParam" actualizado claves=29 - INFO
2026-07-25 16:17:44.493 - [Instance: {087D76D5-41E0-48AA-A6E0-C2C29F6CC2C5}] INFO: ObtenerPerfilFormCache: form="frmMtoAppParam" HIT claves=29 - INFO
2026-07-25 16:17:44.493 - [Instance: {087D76D5-41E0-48AA-A6E0-C2C29F6CC2C5}] INFO: Modos log aplicados: appModoDebug=False, appModoDebugSQL=False, appLogSQL=False, appLogAvanzado=False - INFO
2026-07-25 16:17:50.887 - [Instance: {087D76D5-41E0-48AA-A6E0-C2C29F6CC2C5}] INFO: TLayoutLoader.Create: formKey="frmMtoCajaParam" -> GetFormUserProfile - INFO
2026-07-25 16:17:50.887 - [Instance: {087D76D5-41E0-48AA-A6E0-C2C29F6CC2C5}] INFO: ObtenerPerfilFormCache: form="frmMtoCajaParam" HIT claves=29 - INFO
2026-07-25 16:17:50.887 - [Instance: {087D76D5-41E0-48AA-A6E0-C2C29F6CC2C5}] INFO: TLayoutLoader.Create: formKey="frmMtoCajaParam" disponible=True claves=29 - INFO
2026-07-25 16:19:06.123 - [Instance: {087D76D5-41E0-48AA-A6E0-C2C29F6CC2C5}] INFO: ResincronizarCachePerfilForm: form="frmMtoCajaParam" actualizado claves=30 - INFO
2026-07-25 16:19:06.123 - [Instance: {087D76D5-41E0-48AA-A6E0-C2C29F6CC2C5}] INFO: ObtenerPerfilFormCache: form="frmMtoCajaParam" HIT claves=30 - INFO
2026-07-25 16:19:12.500 - [Instance: {087D76D5-41E0-48AA-A6E0-C2C29F6CC2C5}] INFO: TLayoutLoader.Create: formKey="frmMtoCajaParam" -> GetFormUserProfile - INFO
2026-07-25 16:19:12.500 - [Instance: {087D76D5-41E0-48AA-A6E0-C2C29F6CC2C5}] INFO: ObtenerPerfilFormCache: form="frmMtoCajaParam" HIT claves=30 - INFO
2026-07-25 16:19:12.500 - [Instance: {087D76D5-41E0-48AA-A6E0-C2C29F6CC2C5}] INFO: TLayoutLoader.Create: formKey="frmMtoCajaParam" disponible=True claves=30 - INFO
2026-07-25 16:20:35.397 - [Instance: {087D76D5-41E0-48AA-A6E0-C2C29F6CC2C5}] INFO: ResincronizarCachePerfilForm: form="frmMtoCajaParam" actualizado claves=30 - INFO
2026-07-25 16:20:35.397 - [Instance: {087D76D5-41E0-48AA-A6E0-C2C29F6CC2C5}] INFO: ObtenerPerfilFormCache: form="frmMtoCajaParam" HIT claves=30 - INFO
2026-07-25 16:23:48.050 - [Instance: {087D76D5-41E0-48AA-A6E0-C2C29F6CC2C5}] INFO: TLayoutLoader.Create: formKey="frmMtoAppParam" -> GetFormUserProfile - INFO
2026-07-25 16:23:48.050 - [Instance: {087D76D5-41E0-48AA-A6E0-C2C29F6CC2C5}] INFO: ObtenerPerfilFormCache: form="frmMtoAppParam" HIT claves=29 - INFO
2026-07-25 16:23:48.050 - [Instance: {087D76D5-41E0-48AA-A6E0-C2C29F6CC2C5}] INFO: TLayoutLoader.Create: formKey="frmMtoAppParam" disponible=True claves=29 - INFO
