2026-07-25 06:41:44.483 - [Instance: {A860CE7D-5DF9-460A-AC43-58E945B64EB5}] -------- Nuevo fichero de log --------
2026-07-25 06:41:44.483 - [Instance: {A860CE7D-5DF9-460A-AC43-58E945B64EB5}] Fecha: 2026-07-25 06:41:44
2026-07-25 06:41:44.483 - [Instance: {A860CE7D-5DF9-460A-AC43-58E945B64EB5}] Nombre del equipo: FAUSTINO
2026-07-25 06:41:44.483 - [Instance: {A860CE7D-5DF9-460A-AC43-58E945B64EB5}] Usuario de Windows: V3607
2026-07-25 06:41:44.483 - [Instance: {A860CE7D-5DF9-460A-AC43-58E945B64EB5}] Versión de Windows: Windows 10 Enterprise 25H2
2026-07-25 06:41:44.483 - [Instance: {A860CE7D-5DF9-460A-AC43-58E945B64EB5}] Ruta del programa: C:\DISCO_DURO\proyectos\Factuzam\Win64\Release\
2026-07-25 06:41:44.484 - [Instance: {A860CE7D-5DF9-460A-AC43-58E945B64EB5}] Carpeta de log: C:\Users\V3607\AppData\Local\factuzam\log\
2026-07-25 06:41:44.484 - [Instance: {A860CE7D-5DF9-460A-AC43-58E945B64EB5}] Version de fzam: 1.0.15.202606260100.alpha
2026-07-25 06:41:44.484 - [Instance: {A860CE7D-5DF9-460A-AC43-58E945B64EB5}] -------------------------------
2026-07-25 06:41:44.484 - [Instance: {A860CE7D-5DF9-460A-AC43-58E945B64EB5}] Inicio de sesión de log. - INFO
2026-07-25 06:41:44.662 - [Instance: {A860CE7D-5DF9-460A-AC43-58E945B64EB5}] INFO: Leyendo archivo ini de usuario - INFO
2026-07-25 06:41:44.676 - [Instance: {A860CE7D-5DF9-460A-AC43-58E945B64EB5}] INFO: Licencia de aplicación válida. - INFO
2026-07-25 06:41:44.678 - [Instance: {A860CE7D-5DF9-460A-AC43-58E945B64EB5}] INFO: Login Correcto - INFO
2026-07-25 06:41:44.686 - [Instance: {A860CE7D-5DF9-460A-AC43-58E945B64EB5}] INFO: Login Correcto - INFO
2026-07-25 06:41:45.244 - [Instance: {A860CE7D-5DF9-460A-AC43-58E945B64EB5}] INFO: Arranque: pre-InicializarParametrosApp - INFO
2026-07-25 06:41:45.253 - [Instance: {A860CE7D-5DF9-460A-AC43-58E945B64EB5}] INFO: Modos log aplicados: appModoDebug=False, appModoDebugSQL=False, appLogSQL=False, appLogAvanzado=False - INFO
2026-07-25 06:41:45.255 - [Instance: {A860CE7D-5DF9-460A-AC43-58E945B64EB5}] INFO: Arranque: PrecargarCachesSerie INICIO - INFO
2026-07-25 06:41:45.255 - [Instance: {A860CE7D-5DF9-460A-AC43-58E945B64EB5}] INFO: PrecargarPerfilesUsuario: INICIO usuario="Administrador" grupo="Administradores" todos="Todos" connAssigned=True connConnected=True - INFO
2026-07-25 06:41:45.335 - [Instance: {A860CE7D-5DF9-460A-AC43-58E945B64EB5}] INFO: PrecargarPerfilesUsuario: OK filas=10154 forms_distintos=35 FCachePrecargada=True - INFO
2026-07-25 06:41:45.336 - [Instance: {A860CE7D-5DF9-460A-AC43-58E945B64EB5}] INFO: PrecargarPerfilesUsuario: cache form="frmMtoArtFacSerach" claves=1 - INFO
2026-07-25 06:41:45.336 - [Instance: {A860CE7D-5DF9-460A-AC43-58E945B64EB5}] INFO: PrecargarPerfilesUsuario: cache form="frmPrintEtiqArt" claves=1 - INFO
2026-07-25 06:41:45.337 - [Instance: {A860CE7D-5DF9-460A-AC43-58E945B64EB5}] INFO: PrecargarPerfilesUsuario: cache form="frmMtoDepositosCliente" claves=119 - INFO
2026-07-25 06:41:45.337 - [Instance: {A860CE7D-5DF9-460A-AC43-58E945B64EB5}] INFO: PrecargarPerfilesUsuario: cache form="frmMtoVariaciones" claves=152 - INFO
2026-07-25 06:41:45.337 - [Instance: {A860CE7D-5DF9-460A-AC43-58E945B64EB5}] INFO: PrecargarPerfilesUsuario: cache form="frmMtoSolicitudesSearch" claves=2 - INFO
2026-07-25 06:41:45.337 - [Instance: {A860CE7D-5DF9-460A-AC43-58E945B64EB5}] INFO: PrecargarPerfilesUsuario: cache form="frmMtoGeneradorProcesos" claves=100 - INFO
2026-07-25 06:41:45.337 - [Instance: {A860CE7D-5DF9-460A-AC43-58E945B64EB5}] INFO: PrecargarPerfilesUsuario: cache form="frmMtoContadores" claves=89 - INFO
2026-07-25 06:41:45.337 - [Instance: {A860CE7D-5DF9-460A-AC43-58E945B64EB5}] INFO: PrecargarPerfilesUsuario: cache form="frmMtoFacturas_2" claves=674 - INFO
2026-07-25 06:41:45.337 - [Instance: {A860CE7D-5DF9-460A-AC43-58E945B64EB5}] INFO: PrecargarPerfilesUsuario: cache form="frmMtoInventarios" claves=191 - INFO
2026-07-25 06:41:45.337 - [Instance: {A860CE7D-5DF9-460A-AC43-58E945B64EB5}] INFO: PrecargarPerfilesUsuario: cache form="frmMtoComprasSesiones" claves=138 - INFO
2026-07-25 06:41:45.337 - [Instance: {A860CE7D-5DF9-460A-AC43-58E945B64EB5}] INFO: PrecargarPerfilesUsuario: cache form="frmStockConsulta" claves=1 - INFO
2026-07-25 06:41:45.337 - [Instance: {A860CE7D-5DF9-460A-AC43-58E945B64EB5}] INFO: PrecargarPerfilesUsuario: cache form="frmMtoFacturas_1" claves=674 - INFO
2026-07-25 06:41:45.337 - [Instance: {A860CE7D-5DF9-460A-AC43-58E945B64EB5}] INFO: PrecargarPerfilesUsuario: cache form="frmMtoArticulos" claves=1129 - INFO
2026-07-25 06:41:45.337 - [Instance: {A860CE7D-5DF9-460A-AC43-58E945B64EB5}] INFO: PrecargarPerfilesUsuario: cache form="frmMtoOpeCaja" claves=29 - INFO
2026-07-25 06:41:45.337 - [Instance: {A860CE7D-5DF9-460A-AC43-58E945B64EB5}] INFO: PrecargarPerfilesUsuario: cache form="frmMtoAppParam" claves=28 - INFO
2026-07-25 06:41:45.337 - [Instance: {A860CE7D-5DF9-460A-AC43-58E945B64EB5}] INFO: PrecargarPerfilesUsuario: cache form="frmMtoArticulos_1" claves=1171 - INFO
2026-07-25 06:41:45.337 - [Instance: {A860CE7D-5DF9-460A-AC43-58E945B64EB5}] INFO: PrecargarPerfilesUsuario: cache form="frmMtoEmpFacSearch" claves=89 - INFO
2026-07-25 06:41:45.337 - [Instance: {A860CE7D-5DF9-460A-AC43-58E945B64EB5}] INFO: PrecargarPerfilesUsuario: cache form="frmMtoCliFacSearch" claves=139 - INFO
2026-07-25 06:41:45.337 - [Instance: {A860CE7D-5DF9-460A-AC43-58E945B64EB5}] INFO: PrecargarPerfilesUsuario: cache form="frmMtoFacturasCompra" claves=123 - INFO
2026-07-25 06:41:45.337 - [Instance: {A860CE7D-5DF9-460A-AC43-58E945B64EB5}] INFO: PrecargarPerfilesUsuario: cache form="frmFotoArticulo" claves=5 - INFO
2026-07-25 06:41:45.337 - [Instance: {A860CE7D-5DF9-460A-AC43-58E945B64EB5}] INFO: PrecargarPerfilesUsuario: cache form="frmMtoCajaValesHist" claves=173 - INFO
2026-07-25 06:41:45.337 - [Instance: {A860CE7D-5DF9-460A-AC43-58E945B64EB5}] INFO: PrecargarPerfilesUsuario: cache form="frmLogon" claves=1 - INFO
2026-07-25 06:41:45.337 - [Instance: {A860CE7D-5DF9-460A-AC43-58E945B64EB5}] INFO: PrecargarPerfilesUsuario: cache form="frmMtoArtProvSearch" claves=135 - INFO
2026-07-25 06:41:45.337 - [Instance: {A860CE7D-5DF9-460A-AC43-58E945B64EB5}] INFO: PrecargarPerfilesUsuario: cache form="frmMtoCajaOperacionesHist" claves=670 - INFO
2026-07-25 06:41:45.337 - [Instance: {A860CE7D-5DF9-460A-AC43-58E945B64EB5}] INFO: PrecargarPerfilesUsuario: cache form="frmPrintAlbCompra" claves=1 - INFO
2026-07-25 06:41:45.337 - [Instance: {A860CE7D-5DF9-460A-AC43-58E945B64EB5}] INFO: PrecargarPerfilesUsuario: cache form="dmFacturas" claves=27 - INFO
2026-07-25 06:41:45.337 - [Instance: {A860CE7D-5DF9-460A-AC43-58E945B64EB5}] INFO: PrecargarPerfilesUsuario: cache form="frmMtoSesProvSearch" claves=3 - INFO
2026-07-25 06:41:45.337 - [Instance: {A860CE7D-5DF9-460A-AC43-58E945B64EB5}] INFO: PrecargarPerfilesUsuario: cache form="frmMtoFacturas_4" claves=748 - INFO
2026-07-25 06:41:45.337 - [Instance: {A860CE7D-5DF9-460A-AC43-58E945B64EB5}] INFO: PrecargarPerfilesUsuario: cache form="frmMtoArticulos_2" claves=1123 - INFO
2026-07-25 06:41:45.339 - [Instance: {A860CE7D-5DF9-460A-AC43-58E945B64EB5}] INFO: PrecargarPerfilesUsuario: cache form="inLibtb" claves=1 - INFO
2026-07-25 06:41:45.339 - [Instance: {A860CE7D-5DF9-460A-AC43-58E945B64EB5}] INFO: PrecargarPerfilesUsuario: cache form="frmMtoEmpresas_1" claves=646 - INFO
2026-07-25 06:41:45.339 - [Instance: {A860CE7D-5DF9-460A-AC43-58E945B64EB5}] INFO: PrecargarPerfilesUsuario: cache form="frmMtoFacturas_3" claves=748 - INFO
2026-07-25 06:41:45.339 - [Instance: {A860CE7D-5DF9-460A-AC43-58E945B64EB5}] INFO: PrecargarPerfilesUsuario: cache form="frmConsultaOpe" claves=166 - INFO
2026-07-25 06:41:45.339 - [Instance: {A860CE7D-5DF9-460A-AC43-58E945B64EB5}] INFO: PrecargarPerfilesUsuario: cache form="frmMtoCajaParam" claves=29 - INFO
2026-07-25 06:41:45.339 - [Instance: {A860CE7D-5DF9-460A-AC43-58E945B64EB5}] INFO: PrecargarPerfilesUsuario: cache form="frmMtoEmpresas" claves=780 - INFO
2026-07-25 06:41:45.342 - [Instance: {A860CE7D-5DF9-460A-AC43-58E945B64EB5}] INFO: ConfigCamposCache: precargados 240 campos - INFO
2026-07-25 06:41:45.343 - [Instance: {A860CE7D-5DF9-460A-AC43-58E945B64EB5}] INFO: PrecargaSerie: total=87 ms - INFO
2026-07-25 06:41:45.343 - [Instance: {A860CE7D-5DF9-460A-AC43-58E945B64EB5}] INFO: Arranque: pre-InicializarParametrosCaja - INFO
2026-07-25 06:41:45.351 - [Instance: {A860CE7D-5DF9-460A-AC43-58E945B64EB5}] INFO: Arranque: impresora de caja resuelta = "DEBUG" - INFO
2026-07-25 06:41:45.351 - [Instance: {A860CE7D-5DF9-460A-AC43-58E945B64EB5}] INFO: Cola Verifactu: hilo iniciado - INFO
2026-07-25 06:41:45.352 - [Instance: {A860CE7D-5DF9-460A-AC43-58E945B64EB5}] INFO: Cola de ventas WS: hilo iniciado - INFO
2026-07-25 06:41:45.362 - [Instance: {A860CE7D-5DF9-460A-AC43-58E945B64EB5}] INFO: Modos log aplicados: appModoDebug=False, appModoDebugSQL=False, appLogSQL=False, appLogAvanzado=False - INFO
2026-07-25 06:41:45.492 - [Instance: {A860CE7D-5DF9-460A-AC43-58E945B64EB5}] INFO: CargarFondoLogo: OK desde recurso FONDO (8585 bytes) - INFO
2026-07-25 06:41:45.495 - [Instance: {A860CE7D-5DF9-460A-AC43-58E945B64EB5}] INFO: Arranque del sistema - INFO
2026-07-25 06:41:49.819 - [Instance: {A860CE7D-5DF9-460A-AC43-58E945B64EB5}] INFO: Ventana de mantenimiento: Mantenimiento de Albaranes de Compra Abierta - INFO
2026-07-25 06:41:49.850 - [Instance: {A860CE7D-5DF9-460A-AC43-58E945B64EB5}] WARNING: ObtenerPerfilFormCache: form="frmMtoAlbaranesCompra" MISS (precargado pero sin entrada), devuelve dicc vacio con Result=True - WARNING
2026-07-25 06:41:50.169 - [Instance: {A860CE7D-5DF9-460A-AC43-58E945B64EB5}] INFO: Pantalla abierta: Albaranes de Compra - INFO
2026-07-25 06:41:50.705 - [Instance: {A860CE7D-5DF9-460A-AC43-58E945B64EB5}] INFO: RestaurarFocoGrid: vista=cxGrdDBTabPrin clave="NUMERO_ALBC;SERIE_ALBC" valorGuardado="" - INFO
2026-07-25 06:41:50.992 - [Instance: {A860CE7D-5DF9-460A-AC43-58E945B64EB5}] INFO: PivVenta.Cache: repr=10 art=TESTSKU01 tallaAv=110 sku=TESTSKU01/NEGRO/S - INFO
2026-07-25 06:41:50.993 - [Instance: {A860CE7D-5DF9-460A-AC43-58E945B64EB5}] INFO: PivVenta.Cache: repr=20 art=TESTSKU01 tallaAv=3 sku=TESTSKU01/NEGRO/M - INFO
2026-07-25 06:41:50.996 - [Instance: {A860CE7D-5DF9-460A-AC43-58E945B64EB5}] INFO: PivVenta.Cache: conjunto VIRTUAL -1 (2 tallas) para art=TESTSKU01 sin conjunto global que las cubra. - INFO
2026-07-25 06:41:50.997 - [Instance: {A860CE7D-5DF9-460A-AC43-58E945B64EB5}] INFO: PivVenta.Cache: conjunto VIRTUAL -1 (2 tallas) para art=TESTSKU01 sin conjunto global que las cubra. - INFO
2026-07-25 06:41:50.997 - [Instance: {A860CE7D-5DF9-460A-AC43-58E945B64EB5}] INFO: PivVenta.Vista: vista=100 base=10 encontrada=True - INFO
2026-07-25 06:41:50.997 - [Instance: {A860CE7D-5DF9-460A-AC43-58E945B64EB5}] INFO: PivVenta.Vista: vista=200 base=20 encontrada=True - INFO
2026-07-25 06:41:51.040 - [Instance: {A860CE7D-5DF9-460A-AC43-58E945B64EB5}] INFO: PivVenta.Publicar: filasVista=2 filasGrid=2 filtroView="" - INFO
2026-07-25 06:41:56.529 - [Instance: {A860CE7D-5DF9-460A-AC43-58E945B64EB5}] INFO: PivVenta.Cache: repr=10 art=ROPA tallaAv=9101 sku=ROPA/3434/S - INFO
2026-07-25 06:41:56.532 - [Instance: {A860CE7D-5DF9-460A-AC43-58E945B64EB5}] INFO: PivVenta.Vista: vista=100 base=10 encontrada=True - INFO
2026-07-25 06:41:56.614 - [Instance: {A860CE7D-5DF9-460A-AC43-58E945B64EB5}] INFO: PivVenta.Publicar: filasVista=1 filasGrid=1 filtroView="" - INFO
2026-07-25 06:42:04.557 - [Instance: {A860CE7D-5DF9-460A-AC43-58E945B64EB5}] INFO: Ventana de mantenimiento: Mantenimiento de Albaranes de Compra Cerrada - INFO
2026-07-25 06:42:07.915 - [Instance: {A860CE7D-5DF9-460A-AC43-58E945B64EB5}] INFO: Cola de ventas WS: hilo detenido - INFO
2026-07-25 06:42:07.916 - [Instance: {A860CE7D-5DF9-460A-AC43-58E945B64EB5}] INFO: Cola Verifactu: hilo detenido - INFO
2026-07-25 06:42:07.916 - [Instance: {A860CE7D-5DF9-460A-AC43-58E945B64EB5}] INFO: Cerrando ventana principal - INFO
2026-07-25 06:42:07.919 - [Instance: {A860CE7D-5DF9-460A-AC43-58E945B64EB5}] INFO: Ventana principal Cerrada - INFO
2026-07-25 06:42:07.920 - [Instance: {A860CE7D-5DF9-460A-AC43-58E945B64EB5}] INFO: Salida del proceso - INFO
2026-07-25 06:42:07.920 - [Instance: {A860CE7D-5DF9-460A-AC43-58E945B64EB5}] Fin de sesión de log. - INFO
